Copyright 1986-2019 Xilinx, Inc. All Rights Reserved.
--------------------------------------------------------------------------------------------------------------------------------------------------------------------------
| Tool Version : Vivado v.2019.1 (win64) Build 2552052 Fri May 24 14:49:42 MDT 2019
| Date         : Thu Jan 19 21:29:26 2023
| Host         : SOE-1532-21 running 64-bit major release  (build 9200)
| Command      : report_methodology -file Four_Bit_AND_methodology_drc_routed.rpt -pb Four_Bit_AND_methodology_drc_routed.pb -rpx Four_Bit_AND_methodology_drc_routed.rpx
| Design       : Four_Bit_AND
| Device       : xc7vx485tffg1157-1
| Speed File   : -1
| Design State : Fully Placed
--------------------------------------------------------------------------------------------------------------------------------------------------------------------------

Report Methodology

Table of Contents
-----------------
1. REPORT SUMMARY
2. REPORT DETAILS

1. REPORT SUMMARY
-----------------
            Netlist: netlist
          Floorplan: design_1
      Design limits: <entire design considered>
             Max violations: <unlimited>
             Violations found: 0
+------+----------+-------------+------------+
| Rule | Severity | Description | Violations |
+------+----------+-------------+------------+
+------+----------+-------------+------------+

2. REPORT DETAILS
-----------------

